AR rf behavioral "C:/Documents and Settings/Administrador/Mis documentos/Arquitectura/Procesador2_1/Procesador2/RF.vhd" sub00/vhpl01 1507558028
AR uc behavioral "C:/Documents and Settings/Administrador/Mis documentos/Arquitectura/Procesador/UC.vhd" sub00/vhpl15 1507558024
EN seu NULL "C:/Documents and Settings/Administrador/Mis documentos/Arquitectura/Procesador2_1/Procesador2/SEU.vhd" sub00/vhpl08 1507558025
AR alu behavioral "C:/Documents and Settings/Administrador/Mis documentos/Arquitectura/Procesador/ALU.vhd" sub00/vhpl17 1507558032
AR mux behavioral "C:/Documents and Settings/Administrador/Mis documentos/Arquitectura/Procesador2_1/Procesador2/MUX.vhd" sub00/vhpl07 1507558030
EN im NULL "C:/Documents and Settings/Administrador/Mis documentos/Arquitectura/Procesador2_1/Procesador2/IM.vhd" sub00/vhpl04 1507558021
AR im behavioral "C:/Documents and Settings/Administrador/Mis documentos/Arquitectura/Procesador2_1/Procesador2/IM.vhd" sub00/vhpl05 1507558022
EN pc NULL "C:/Documents and Settings/Administrador/Mis documentos/Arquitectura/Procesador/PC.vhd" sub00/vhpl12 1507558019
AR sumador behavioral "C:/Documents and Settings/Administrador/Mis documentos/Arquitectura/Procesador/sumador.vhd" sub00/vhpl11 1507558016
AR npc behavioral "C:/Documents and Settings/Administrador/Mis documentos/Arquitectura/Procesador2_1/Procesador2/nPC.vhd" sub00/vhpl03 1507558018
EN procesador NULL "C:/Documents and Settings/Administrador/Mis documentos/Arquitectura/Procesador2_1/Procesador2/Procesador.vhd" sub00/vhpl18 1507558033
EN rf NULL "C:/Documents and Settings/Administrador/Mis documentos/Arquitectura/Procesador2_1/Procesador2/RF.vhd" sub00/vhpl00 1507558027
EN uc NULL "C:/Documents and Settings/Administrador/Mis documentos/Arquitectura/Procesador/UC.vhd" sub00/vhpl14 1507558023
EN npc NULL "C:/Documents and Settings/Administrador/Mis documentos/Arquitectura/Procesador2_1/Procesador2/nPC.vhd" sub00/vhpl02 1507558017
EN mux NULL "C:/Documents and Settings/Administrador/Mis documentos/Arquitectura/Procesador2_1/Procesador2/MUX.vhd" sub00/vhpl06 1507558029
EN sumador NULL "C:/Documents and Settings/Administrador/Mis documentos/Arquitectura/Procesador/sumador.vhd" sub00/vhpl10 1507558015
AR seu behavioral "C:/Documents and Settings/Administrador/Mis documentos/Arquitectura/Procesador2_1/Procesador2/SEU.vhd" sub00/vhpl09 1507558026
AR pc behavioral "C:/Documents and Settings/Administrador/Mis documentos/Arquitectura/Procesador/PC.vhd" sub00/vhpl13 1507558020
EN alu NULL "C:/Documents and Settings/Administrador/Mis documentos/Arquitectura/Procesador/ALU.vhd" sub00/vhpl16 1507558031
AR procesador behavioral "C:/Documents and Settings/Administrador/Mis documentos/Arquitectura/Procesador2_1/Procesador2/Procesador.vhd" sub00/vhpl19 1507558034
